2026-04-19 11:20:25,045 - __main__- INFO - test the custom logger
